// Jest Snapshot v1, https://goo.gl/fbAQLP

exports[`it renders correctly 1`] = `
<div
  className="convertir__header"
  data-testid="heading"
>
  <h1>
    
  </h1>
</div>
`;
